// Jest Snapshot v1, https://goo.gl/fbAQLP

exports[`matches snapshot for App component 1`] = `
<div>
  <div
    class="App"
  >
    <button>
      Switch to 
      Todo App
    </button>
    <div>
      <form>
        <div>
          <label
            for="width"
          >
            Width:
          </label>
          <input
            id="width"
            name="width"
            type="text"
            value=""
          />
        </div>
        <div>
          <label
            for="height"
          >
            Height:
          </label>
          <input
            id="height"
            name="height"
            type="text"
            value=""
          />
        </div>
        <div>
          <label
            for="backgroundColor"
          >
            Background Color:
          </label>
          <input
            id="backgroundColor"
            name="backgroundColor"
            type="text"
            value=""
          />
        </div>
        <button
          type="submit"
        >
          Add Box
        </button>
      </form>
    </div>
  </div>
</div>
`;
