// Jest Snapshot v1, https://goo.gl/fbAQLP

exports[`Box component matches snapshot 1`] = `
<DocumentFragment>
  <div
    style="display: inline-block; margin: 10px;"
  >
    <div
      style="width: 100px; height: 100px; background-color: red;"
    />
    <button>
      X
    </button>
  </div>
</DocumentFragment>
`;
